c:\users\ja\source\repos\flexingapp\flexingapp\x64\debug\vc145.pdb
c:\users\ja\source\repos\flexingapp\flexingapp\x64\debug\vc145.idb
c:\users\ja\source\repos\flexingapp\flexingapp\x64\debug\datapoint.obj
c:\users\ja\source\repos\flexingapp\flexingapp\x64\debug\main.obj
c:\users\ja\source\repos\flexingapp\x64\debug\ringbufferapp.exe
c:\users\ja\source\repos\flexingapp\x64\debug\ringbufferapp.pdb
c:\users\ja\source\repos\flexingapp\flexingapp\x64\debug\flexingapp.res
c:\users\ja\source\repos\flexingapp\flexingapp\x64\debug\ringbufferapp.ilk
c:\users\ja\source\repos\flexingapp\flexingapp\x64\debug\klasa.obj
c:\users\ja\source\repos\flexingapp\flexingapp\x64\debug\ringbuffer.obj
c:\users\ja\source\repos\flexingapp\flexingapp\x64\debug\flexingapp.ilk
c:\users\ja\source\repos\flexingapp\flexingapp\x64\debug\ringbufferapp.tlog\cl.command.1.tlog
c:\users\ja\source\repos\flexingapp\flexingapp\x64\debug\ringbufferapp.tlog\cl.items.tlog
c:\users\ja\source\repos\flexingapp\flexingapp\x64\debug\ringbufferapp.tlog\cl.read.1.tlog
c:\users\ja\source\repos\flexingapp\flexingapp\x64\debug\ringbufferapp.tlog\cl.write.1.tlog
c:\users\ja\source\repos\flexingapp\flexingapp\x64\debug\ringbufferapp.tlog\link.command.1.tlog
c:\users\ja\source\repos\flexingapp\flexingapp\x64\debug\ringbufferapp.tlog\link.read.1.tlog
c:\users\ja\source\repos\flexingapp\flexingapp\x64\debug\ringbufferapp.tlog\link.secondary.1.tlog
c:\users\ja\source\repos\flexingapp\flexingapp\x64\debug\ringbufferapp.tlog\link.write.1.tlog
c:\users\ja\source\repos\flexingapp\flexingapp\x64\debug\ringbufferapp.tlog\rc.command.1.tlog
c:\users\ja\source\repos\flexingapp\flexingapp\x64\debug\ringbufferapp.tlog\rc.read.1.tlog
c:\users\ja\source\repos\flexingapp\flexingapp\x64\debug\ringbufferapp.tlog\rc.write.1.tlog
